Archive member included to satisfy reference by file (symbol)

/opt/st/stm32cubeide_2.0.0/plugins/com.st.stm32cube.ide.mcu.externaltools.gnu-tools-for-stm32.13.3.rel1.linux64_1.0.100.202509120712/tools/bin/../lib/gcc/arm-none-eabi/13.3.1/../../../../arm-none-eabi/lib/thumb/v7e-m+fp/hard/libc_nano.a(libc_a-exit.o)
                              /opt/st/stm32cubeide_2.0.0/plugins/com.st.stm32cube.ide.mcu.externaltools.gnu-tools-for-stm32.13.3.rel1.linux64_1.0.100.202509120712/tools/bin/../lib/gcc/arm-none-eabi/13.3.1/../../../../arm-none-eabi/lib/thumb/v7e-m+fp/hard/crt0.o (exit)
/opt/st/stm32cubeide_2.0.0/plugins/com.st.stm32cube.ide.mcu.externaltools.gnu-tools-for-stm32.13.3.rel1.linux64_1.0.100.202509120712/tools/bin/../lib/gcc/arm-none-eabi/13.3.1/../../../../arm-none-eabi/lib/thumb/v7e-m+fp/hard/libc_nano.a(libc_a-findfp.o)
                              /opt/st/stm32cubeide_2.0.0/plugins/com.st.stm32cube.ide.mcu.externaltools.gnu-tools-for-stm32.13.3.rel1.linux64_1.0.100.202509120712/tools/bin/../lib/gcc/arm-none-eabi/13.3.1/../../../../arm-none-eabi/lib/thumb/v7e-m+fp/hard/libc_nano.a(libc_a-exit.o) (__stdio_exit_handler)
/opt/st/stm32cubeide_2.0.0/plugins/com.st.stm32cube.ide.mcu.externaltools.gnu-tools-for-stm32.13.3.rel1.linux64_1.0.100.202509120712/tools/bin/../lib/gcc/arm-none-eabi/13.3.1/../../../../arm-none-eabi/lib/thumb/v7e-m+fp/hard/libc_nano.a(libc_a-fwalk.o)
                              /opt/st/stm32cubeide_2.0.0/plugins/com.st.stm32cube.ide.mcu.externaltools.gnu-tools-for-stm32.13.3.rel1.linux64_1.0.100.202509120712/tools/bin/../lib/gcc/arm-none-eabi/13.3.1/../../../../arm-none-eabi/lib/thumb/v7e-m+fp/hard/libc_nano.a(libc_a-findfp.o) (_fwalk_sglue)
/opt/st/stm32cubeide_2.0.0/plugins/com.st.stm32cube.ide.mcu.externaltools.gnu-tools-for-stm32.13.3.rel1.linux64_1.0.100.202509120712/tools/bin/../lib/gcc/arm-none-eabi/13.3.1/../../../../arm-none-eabi/lib/thumb/v7e-m+fp/hard/libc_nano.a(libc_a-stdio.o)
                              /opt/st/stm32cubeide_2.0.0/plugins/com.st.stm32cube.ide.mcu.externaltools.gnu-tools-for-stm32.13.3.rel1.linux64_1.0.100.202509120712/tools/bin/../lib/gcc/arm-none-eabi/13.3.1/../../../../arm-none-eabi/lib/thumb/v7e-m+fp/hard/libc_nano.a(libc_a-findfp.o) (__sread)
/opt/st/stm32cubeide_2.0.0/plugins/com.st.stm32cube.ide.mcu.externaltools.gnu-tools-for-stm32.13.3.rel1.linux64_1.0.100.202509120712/tools/bin/../lib/gcc/arm-none-eabi/13.3.1/../../../../arm-none-eabi/lib/thumb/v7e-m+fp/hard/libc_nano.a(libc_a-memset.o)
                              /opt/st/stm32cubeide_2.0.0/plugins/com.st.stm32cube.ide.mcu.externaltools.gnu-tools-for-stm32.13.3.rel1.linux64_1.0.100.202509120712/tools/bin/../lib/gcc/arm-none-eabi/13.3.1/../../../../arm-none-eabi/lib/thumb/v7e-m+fp/hard/crt0.o (memset)
/opt/st/stm32cubeide_2.0.0/plugins/com.st.stm32cube.ide.mcu.externaltools.gnu-tools-for-stm32.13.3.rel1.linux64_1.0.100.202509120712/tools/bin/../lib/gcc/arm-none-eabi/13.3.1/../../../../arm-none-eabi/lib/thumb/v7e-m+fp/hard/libc_nano.a(libc_a-closer.o)
                              /opt/st/stm32cubeide_2.0.0/plugins/com.st.stm32cube.ide.mcu.externaltools.gnu-tools-for-stm32.13.3.rel1.linux64_1.0.100.202509120712/tools/bin/../lib/gcc/arm-none-eabi/13.3.1/../../../../arm-none-eabi/lib/thumb/v7e-m+fp/hard/libc_nano.a(libc_a-stdio.o) (_close_r)
/opt/st/stm32cubeide_2.0.0/plugins/com.st.stm32cube.ide.mcu.externaltools.gnu-tools-for-stm32.13.3.rel1.linux64_1.0.100.202509120712/tools/bin/../lib/gcc/arm-none-eabi/13.3.1/../../../../arm-none-eabi/lib/thumb/v7e-m+fp/hard/libc_nano.a(libc_a-reent.o)
                              /opt/st/stm32cubeide_2.0.0/plugins/com.st.stm32cube.ide.mcu.externaltools.gnu-tools-for-stm32.13.3.rel1.linux64_1.0.100.202509120712/tools/bin/../lib/gcc/arm-none-eabi/13.3.1/../../../../arm-none-eabi/lib/thumb/v7e-m+fp/hard/libc_nano.a(libc_a-closer.o) (errno)
/opt/st/stm32cubeide_2.0.0/plugins/com.st.stm32cube.ide.mcu.externaltools.gnu-tools-for-stm32.13.3.rel1.linux64_1.0.100.202509120712/tools/bin/../lib/gcc/arm-none-eabi/13.3.1/../../../../arm-none-eabi/lib/thumb/v7e-m+fp/hard/libc_nano.a(libc_a-impure.o)
                              /opt/st/stm32cubeide_2.0.0/plugins/com.st.stm32cube.ide.mcu.externaltools.gnu-tools-for-stm32.13.3.rel1.linux64_1.0.100.202509120712/tools/bin/../lib/gcc/arm-none-eabi/13.3.1/../../../../arm-none-eabi/lib/thumb/v7e-m+fp/hard/libc_nano.a(libc_a-reent.o) (_impure_ptr)
/opt/st/stm32cubeide_2.0.0/plugins/com.st.stm32cube.ide.mcu.externaltools.gnu-tools-for-stm32.13.3.rel1.linux64_1.0.100.202509120712/tools/bin/../lib/gcc/arm-none-eabi/13.3.1/../../../../arm-none-eabi/lib/thumb/v7e-m+fp/hard/libc_nano.a(libc_a-lseekr.o)
                              /opt/st/stm32cubeide_2.0.0/plugins/com.st.stm32cube.ide.mcu.externaltools.gnu-tools-for-stm32.13.3.rel1.linux64_1.0.100.202509120712/tools/bin/../lib/gcc/arm-none-eabi/13.3.1/../../../../arm-none-eabi/lib/thumb/v7e-m+fp/hard/libc_nano.a(libc_a-stdio.o) (_lseek_r)
[...]
Memory Configuration

Name             Origin             Length             Attributes
CCMSRAM          0x10000000         0x00004000         xrw
RAM              0x20000000         0x0001c000         xrw
FLASH            0x08000000         0x00080000         xr
*default*        0x00000000         0xffffffff

Linker script and memory map

LOAD /opt/st/stm32cubeide_2.0.0/plugins/com.st.stm32cube.ide.mcu.externaltools.gnu-tools-for-stm32.13.3.rel1.linux64_1.0.100.202509120712/tools/bin/../lib/gcc/arm-none-eabi/13.3.1/thumb/v7e-m+fp/hard/crti.o
LOAD /opt/st/stm32cubeide_2.0.0/plugins/com.st.stm32cube.ide.mcu.externaltools.gnu-tools-for-stm32.13.3.rel1.linux64_1.0.100.202509120712/tools/bin/../lib/gcc/arm-none-eabi/13.3.1/thumb/v7e-m+fp/hard/crtbegin.o
LOAD /opt/st/stm32cubeide_2.0.0/plugins/com.st.stm32cube.ide.mcu.externaltools.gnu-tools-for-stm32.13.3.rel1.linux64_1.0.100.202509120712/tools/bin/../lib/gcc/arm-none-eabi/13.3.1/../../../../arm-none-eabi/lib/thumb/v7e-m+fp/hard/crt0.o
LOAD ./Src/001LED_Toggle.o
LOAD ./Src/syscalls.o
LOAD ./Src/sysmem.o
LOAD ./Startup/startup_stm32g491retx.o
LOAD ./drivers/Src/stm32G491xx_gpio_driver.o
LOAD ./drivers/Src/stm32G491xx_spi_driver.o
START GROUP
LOAD /opt/st/stm32cubeide_2.0.0/plugins/com.st.stm32cube.ide.mcu.externaltools.gnu-tools-for-stm32.13.3.rel1.linux64_1.0.100.202509120712/tools/bin/../lib/gcc/arm-none-eabi/13.3.1/../../../../arm-none-eabi/lib/thumb/v7e-m+fp/hard/libc_nano.a
LOAD /opt/st/stm32cubeide_2.0.0/plugins/com.st.stm32cube.ide.mcu.externaltools.gnu-tools-for-stm32.13.3.rel1.linux64_1.0.100.202509120712/tools/bin/../lib/gcc/arm-none-eabi/13.3.1/../../../../arm-none-eabi/lib/thumb/v7e-m+fp/hard/libm.a
END GROUP
START GROUP
LOAD /opt/st/stm32cubeide_2.0.0/plugins/com.st.stm32cube.ide.mcu.externaltools.gnu-tools-for-stm32.13.3.rel1.linux64_1.0.100.202509120712/tools/bin/../lib/gcc/arm-none-eabi/13.3.1/thumb/v7e-m+fp/hard/libgcc.a
LOAD /opt/st/stm32cubeide_2.0.0/plugins/com.st.stm32cube.ide.mcu.externaltools.gnu-tools-for-stm32.13.3.rel1.linux64_1.0.100.202509120712/tools/bin/../lib/gcc/arm-none-eabi/13.3.1/../../../../arm-none-eabi/lib/thumb/v7e-m+fp/hard/libc_nano.a
END GROUP
START GROUP
LOAD /opt/st/stm32cubeide_2.0.0/plugins/com.st.stm32cube.ide.mcu.externaltools.gnu-tools-for-stm32.13.3.rel1.linux64_1.0.100.202509120712/tools/bin/../lib/gcc/arm-none-eabi/13.3.1/thumb/v7e-m+fp/hard/libgcc.a
LOAD /opt/st/stm32cubeide_2.0.0/plugins/com.st.stm32cube.ide.mcu.externaltools.gnu-tools-for-stm32.13.3.rel1.linux64_1.0.100.202509120712/tools/bin/../lib/gcc/arm-none-eabi/13.3.1/../../../../arm-none-eabi/lib/thumb/v7e-m+fp/hard/libc_nano.a
LOAD /opt/st/stm32cubeide_2.0.0/plugins/com.st.stm32cube.ide.mcu.externaltools.gnu-tools-for-stm32.13.3.rel1.linux64_1.0.100.202509120712/tools/bin/../lib/gcc/arm-none-eabi/13.3.1/../../../../arm-none-eabi/lib/thumb/v7e-m+fp/hard/libnosys.a
END GROUP
START GROUP
LOAD /opt/st/stm32cubeide_2.0.0/plugins/com.st.stm32cube.ide.mcu.externaltools.gnu-tools-for-stm32.13.3.rel1.linux64_1.0.100.202509120712/tools/bin/../lib/gcc/arm-none-eabi/13.3.1/thumb/v7e-m+fp/hard/libgcc.a
LOAD /opt/st/stm32cubeide_2.0.0/plugins/com.st.stm32cube.ide.mcu.externaltools.gnu-tools-for-stm32.13.3.rel1.linux64_1.0.100.202509120712/tools/bin/../lib/gcc/arm-none-eabi/13.3.1/../../../../arm-none-eabi/lib/thumb/v7e-m+fp/hard/libc_nano.a
LOAD /opt/st/stm32cubeide_2.0.0/plugins/com.st.stm32cube.ide.mcu.externaltools.gnu-tools-for-stm32.13.3.rel1.linux64_1.0.100.202509120712/tools/bin/../lib/gcc/arm-none-eabi/13.3.1/../../../../arm-none-eabi/lib/thumb/v7e-m+fp/hard/libnosys.a
END GROUP
LOAD /opt/st/stm32cubeide_2.0.0/plugins/com.st.stm32cube.ide.mcu.externaltools.gnu-tools-for-stm32.13.3.rel1.linux64_1.0.100.202509120712/tools/bin/../lib/gcc/arm-none-eabi/13.3.1/thumb/v7e-m+fp/hard/crtend.o
LOAD /opt/st/stm32cubeide_2.0.0/plugins/com.st.stm32cube.ide.mcu.externaltools.gnu-tools-for-stm32.13.3.rel1.linux64_1.0.100.202509120712/tools/bin/../lib/gcc/arm-none-eabi/13.3.1/thumb/v7e-m+fp/hard/crtn.o
                0x2001c000                        _estack = (ORIGIN (RAM) + LENGTH (RAM))
                0x00000200                        _Min_Heap_Size = 0x200
                0x00000400                        _Min_Stack_Size = 0x400

.isr_vector     0x08000000      0x1d8
                0x08000000                        . = ALIGN (0x4)
 *(.isr_vector)
 .isr_vector    0x08000000      0x1d8 ./Startup/startup_stm32g491retx.o
                0x08000000                g_pfnVectors
                0x080001d8                        . = ALIGN (0x4)

.text           0x080001d8      0x58c
                0x080001d8                        . = ALIGN (0x4)
 *(.text)
 .text          0x080001d8       0x40 /opt/st/stm32cubeide_2.0.0/plugins/com.st.stm32cube.ide.mcu.externaltools.gnu-tools-for-stm32.13.3.rel1.linux64_1.0.100.202509120712/tools/bin/../lib/gcc/arm-none-eabi/13.3.1/thumb/v7e-m+fp/hard/crtbegin.o
 *(.text*)
 .text.delay    0x08000218       0x2c ./Src/001LED_Toggle.o
                0x08000218                delay
 .text.main     0x08000244       0x44 ./Src/001LED_Toggle.o
                0x08000244                main
 .text.Reset_Handler
                0x08000288       0x50 ./Startup/startup_stm32g491retx.o
                0x08000288                Reset_Handler
 .text.Default_Handler
                0x080002d8        0x2 ./Startup/startup_stm32g491retx.o
                0x080002d8                EXTI2_IRQHandler
                0x080002d8                TIM8_TRG_COM_IRQHandler
                0x080002d8                TIM8_CC_IRQHandler
                0x080002d8                DMA2_CH8_IRQHandler
                0x080002d8                DebugMon_Handler
                0x080002d8                DMA1_CH4_IRQHandler
                0x080002d8                TIM1_CC_IRQHandler
                0x080002d8                Cordic_IRQHandler
                0x080002d8                HardFault_Handler
                0x080002d8                USB_HP_IRQHandler
                0x080002d8                SysTick_Handler
                0x080002d8                PendSV_Handler
                0x080002d8                NMI_Handler
                0x080002d8                EXTI3_IRQHandler
                0x080002d8                I2C3_ER_IRQHandler
                0x080002d8                DMA1_CH8_IRQHandler
                0x080002d8                TIM6_DACUNDER_IRQHandler
                0x080002d8                EXTI0_IRQHandler
                0x080002d8                I2C2_EV_IRQHandler
                0x080002d8                DMA2_CH1_IRQHandler
                0x080002d8                FPU_IRQHandler
                0x080002d8                FDCAN1_IT1_IRQHandler
                0x080002d8                TIM1_UP_TIM16_IRQHandler
                0x080002d8                DMA2_CH7_IRQHandler
                0x080002d8                UsageFault_Handler
                0x080002d8                ADC1_2_IRQHandler
                0x080002d8                SPI1_IRQHandler
                0x080002d8                DMA1_CH7_IRQHandler
                0x080002d8                TIM8_UP_IRQHandler
                0x080002d8                USBWakeUP_IRQHandler
                0x080002d8                RTC_ALARM_IRQHandler
                0x080002d8                DMA1_CH6_IRQHandler
                0x080002d8                TIM20_TRG_COM_IRQHandler
                0x080002d8                USART3_IRQHandler
                0x080002d8                LPUART_IRQHandler
                0x080002d8                UART5_IRQHandler
                0x080002d8                ADC3_IRQHandler
                0x080002d8                TIM4_IRQHandler
                0x080002d8                I2C1_EV_IRQHandler
                0x080002d8                DMA2_CH5_IRQHandler
                0x080002d8                UART4_IRQHandler
                0x080002d8                DMA1_CH3_IRQHandler
                0x080002d8                TIM3_IRQHandler
                0x080002d8                RCC_IRQHandler
                0x080002d8                TIM20_UP_IRQHandler
                0x080002d8                TIM1_TRG_COM_IRQHandler
                0x080002d8                Default_Handler
                0x080002d8                FMAC_IRQHandler
                0x080002d8                EXTI15_10_IRQHandler
                0x080002d8                TIM7_IRQHandler
                0x080002d8                UCPD1_IRQHandler
                0x080002d8                I2C3_EV_IRQHandler
                0x080002d8                EXTI9_5_IRQHandler
                0x080002d8                DMA1_CH2_IRQHandler
                0x080002d8                RTC_WKUP_IRQHandler
                0x080002d8                SAI_IRQHandler
                0x080002d8                PVD_PVM_IRQHandler
                0x080002d8                SPI2_IRQHandler
                0x080002d8                DMA1_CH1_IRQHandler
                0x080002d8                MemManage_Handler
                0x080002d8                SVC_Handler
                0x080002d8                CRS_IRQHandler
                0x080002d8                USB_LP_IRQHandler
                0x080002d8                EXTI4_IRQHandler
                0x080002d8                RNG_IRQHandler
                0x080002d8                WWDG_IRQHandler
                0x080002d8                FDCAN1_IT0_IRQHandler
                0x080002d8                TIM2_IRQHandler
                0x080002d8                COMP7_IRQHandler
                0x080002d8                COMP1_2_3_IRQHandler
                0x080002d8                EXTI1_IRQHandler
                0x080002d8                USART2_IRQHandler
                0x080002d8                COMP4_5_6_IRQHandler
                0x080002d8                TIM20_BRK_IRQHandler
                0x080002d8                I2C2_ER_IRQHandler
                0x080002d8                TIM8_BRK_IRQHandler
                0x080002d8                FLASH_IRQHandler
                0x080002d8                TIM20_CC_IRQHandler
                0x080002d8                BusFault_Handler
                0x080002d8                USART1_IRQHandler
                0x080002d8                SPI3_IRQHandler
                0x080002d8                DMA2_CH6_IRQHandler
                0x080002d8                DMA2_CH3_IRQHandler
                0x080002d8                DMA2_CH2_IRQHandler
                0x080002d8                I2C1_ER_IRQHandler
                0x080002d8                DMA1_CH5_IRQHandler
                0x080002d8                DMA2_CH4_IRQHandler
                0x080002d8                LPTIM1_IRQHandler
                0x080002d8                DMAMUX_OVR_IRQHandler
                0x080002d8                RTC_TAMP_CSS_LSE_IRQHandler
                0x080002d8                TIM1_BRK_TIM15_IRQHandler
 *fill*         0x080002da        0x2 
 .text.GPIO_PCLK_CTRL
                0x080002dc       0xd4 ./drivers/Src/stm32G491xx_gpio_driver.o
                0x080002dc                GPIO_PCLK_CTRL
 .text.GPIO_Init
                0x080003b0      0x328 ./drivers/Src/stm32G491xx_gpio_driver.o
                0x080003b0                GPIO_Init
 .text.GPIO_ToggleOutputPin
                0x080006d8       0x2a ./drivers/Src/stm32G491xx_gpio_driver.o
                0x080006d8                GPIO_ToggleOutputPin
 *fill*         0x08000702        0x2 
 .text.__libc_init_array
                0x08000704       0x48 /opt/st/stm32cubeide_2.0.0/plugins/com.st.stm32cube.ide.mcu.externaltools.gnu-tools-for-stm32.13.3.rel1.linux64_1.0.100.202509120712/tools/bin/../lib/gcc/arm-none-eabi/13.3.1/../../../../arm-none-eabi/lib/thumb/v7e-m+fp/hard/libc_nano.a(libc_a-init.o)
                0x08000704                __libc_init_array
 *(.glue_7)
 .glue_7        0x0800074c        0x0 linker stubs
 *(.glue_7t)
 .glue_7t       0x0800074c        0x0 linker stubs
 *(.eh_frame)
 .eh_frame      0x0800074c        0x0 /opt/st/stm32cubeide_2.0.0/plugins/com.st.stm32cube.ide.mcu.externaltools.gnu-tools-for-stm32.13.3.rel1.linux64_1.0.100.202509120712/tools/bin/../lib/gcc/arm-none-eabi/13.3.1/thumb/v7e-m+fp/hard/crtbegin.o
 *(.init)
 .init          0x0800074c        0x4 /opt/st/stm32cubeide_2.0.0/plugins/com.st.stm32cube.ide.mcu.externaltools.gnu-tools-for-stm32.13.3.rel1.linux64_1.0.100.202509120712/tools/bin/../lib/gcc/arm-none-eabi/13.3.1/thumb/v7e-m+fp/hard/crti.o
                0x0800074c                _init
 .init          0x08000750        0x8 /opt/st/stm32cubeide_2.0.0/plugins/com.st.stm32cube.ide.mcu.externaltools.gnu-tools-for-stm32.13.3.rel1.linux64_1.0.100.202509120712/tools/bin/../lib/gcc/arm-none-eabi/13.3.1/thumb/v7e-m+fp/hard/crtn.o
 *(.fini)
 .fini          0x08000758        0x4 /opt/st/stm32cubeide_2.0.0/plugins/com.st.stm32cube.ide.mcu.externaltools.gnu-tools-for-stm32.13.3.rel1.linux64_1.0.100.202509120712/tools/bin/../lib/gcc/arm-none-eabi/13.3.1/thumb/v7e-m+fp/hard/crti.o
                0x08000758                _fini
 .fini          0x0800075c        0x8 /opt/st/stm32cubeide_2.0.0/plugins/com.st.stm32cube.ide.mcu.externaltools.gnu-tools-for-stm32.13.3.rel1.linux64_1.0.100.202509120712/tools/bin/../lib/gcc/arm-none-eabi/13.3.1/thumb/v7e-m+fp/hard/crtn.o
                0x08000764                        . = ALIGN (0x4)
                0x08000764                        _etext = .

.vfp11_veneer   0x08000764        0x0
 .vfp11_veneer  0x08000764        0x0 linker stubs

.v4_bx          0x08000764        0x0
 .v4_bx         0x08000764        0x0 linker stubs

.iplt           0x08000764        0x0
 .iplt          0x08000764        0x0 /opt/st/stm32cubeide_2.0.0/plugins/com.st.stm32cube.ide.mcu.externaltools.gnu-tools-for-stm32.13.3.rel1.linux64_1.0.100.202509120712/tools/bin/../lib/gcc/arm-none-eabi/13.3.1/thumb/v7e-m+fp/hard/crtbegin.o

.rodata         0x08000764        0x0
                0x08000764                        . = ALIGN (0x4)
 *(.rodata)
 *(.rodata*)
                0x08000764                        . = ALIGN (0x4)

.ARM.extab      0x08000764        0x0
                0x08000764                        . = ALIGN (0x4)
 *(.ARM.extab* .gnu.linkonce.armextab.*)
                0x08000764                        . = ALIGN (0x4)

.ARM            0x08000764        0x0
                0x08000764                        . = ALIGN (0x4)
                0x08000764                        __exidx_start = .
 *(.ARM.exidx*)
                0x08000764                        __exidx_end = .
                0x08000764                        . = ALIGN (0x4)

.preinit_array  0x08000764        0x0
                0x08000764                        . = ALIGN (0x4)
                0x08000764                        PROVIDE (__preinit_array_start = .)
 *(.preinit_array*)
                0x08000764                        PROVIDE (__preinit_array_end = .)
                0x08000764                        . = ALIGN (0x4)

.init_array     0x08000764        0x4
                0x08000764                        . = ALIGN (0x4)
                0x08000764                        PROVIDE (__init_array_start = .)
 *(SORT_BY_NAME(.init_array.*))
 *(.init_array*)
 .init_array    0x08000764        0x4 /opt/st/stm32cubeide_2.0.0/plugins/com.st.stm32cube.ide.mcu.externaltools.gnu-tools-for-stm32.13.3.rel1.linux64_1.0.100.202509120712/tools/bin/../lib/gcc/arm-none-eabi/13.3.1/thumb/v7e-m+fp/hard/crtbegin.o
                0x08000768                        PROVIDE (__init_array_end = .)
                0x08000768                        . = ALIGN (0x4)

.fini_array     0x08000768        0x4
                0x08000768                        . = ALIGN (0x4)
                [!provide]                        PROVIDE (__fini_array_start = .)
 *(SORT_BY_NAME(.fini_array.*))
 *(.fini_array*)
 .fini_array    0x08000768        0x4 /opt/st/stm32cubeide_2.0.0/plugins/com.st.stm32cube.ide.mcu.externaltools.gnu-tools-for-stm32.13.3.rel1.linux64_1.0.100.202509120712/tools/bin/../lib/gcc/arm-none-eabi/13.3.1/thumb/v7e-m+fp/hard/crtbegin.o
                [!provide]                        PROVIDE (__fini_array_end = .)
                0x0800076c                        . = ALIGN (0x4)
                0x0800076c                        _sidata = LOADADDR (.data)

.rel.dyn        0x0800076c        0x0
 .rel.iplt      0x0800076c        0x0 /opt/st/stm32cubeide_2.0.0/plugins/com.st.stm32cube.ide.mcu.externaltools.gnu-tools-for-stm32.13.3.rel1.linux64_1.0.100.202509120712/tools/bin/../lib/gcc/arm-none-eabi/13.3.1/thumb/v7e-m+fp/hard/crtbegin.o

.data           0x20000000        0x0 load address 0x0800076c
                0x20000000                        . = ALIGN (0x4)
                0x20000000                        _sdata = .
 *(.data)
 *(.data*)
 *(.RamFunc)
 *(.RamFunc*)
                0x20000000                        . = ALIGN (0x4)
                0x20000000                        _edata = .
                0x0800076c                        _siccmsram = LOADADDR (.ccmsram)

.igot.plt       0x20000000        0x0 load address 0x0800076c
 .igot.plt      0x20000000        0x0 /opt/st/stm32cubeide_2.0.0/plugins/com.st.stm32cube.ide.mcu.externaltools.gnu-tools-for-stm32.13.3.rel1.linux64_1.0.100.202509120712/tools/bin/../lib/gcc/arm-none-eabi/13.3.1/thumb/v7e-m+fp/hard/crtbegin.o

.ccmsram        0x10000000        0x0 load address 0x0800076c
                0x10000000                        . = ALIGN (0x4)
                0x10000000                        _sccmsram = .
 *(.ccmsram)
 *(.ccmsram*)
                0x10000000                        . = ALIGN (0x4)
                0x10000000                        _eccmsram = .
                0x10000000                        . = ALIGN (0x4)

.bss            0x20000000       0x1c
                0x20000000                        _sbss = .
                0x20000000                        __bss_start__ = _sbss
 *(.bss)
 .bss           0x20000000       0x1c /opt/st/stm32cubeide_2.0.0/plugins/com.st.stm32cube.ide.mcu.externaltools.gnu-tools-for-stm32.13.3.rel1.linux64_1.0.100.202509120712/tools/bin/../lib/gcc/arm-none-eabi/13.3.1/thumb/v7e-m+fp/hard/crtbegin.o
 *(.bss*)
 *(COMMON)
                0x2000001c                        . = ALIGN (0x4)
                0x2000001c                        _ebss = .
                0x2000001c                        __bss_end__ = _ebss

._user_heap_stack
                0x2000001c      0x604
                0x20000020                        . = ALIGN (0x8)
 *fill*         0x2000001c        0x4 
                [!provide]                        PROVIDE (end = .)
                0x20000020                        PROVIDE (_end = .)
                0x20000220                        . = (. + _Min_Heap_Size)
 *fill*         0x20000020      0x200 
                0x20000620                        . = (. + _Min_Stack_Size)
 *fill*         0x20000220      0x400 
                0x20000620                        . = ALIGN (0x8)

/DISCARD/
 libc.a(*)
 libm.a(*)
 libgcc.a(*)

.ARM.attributes
                0x00000000       0x30
 *(.ARM.attributes)
 .ARM.attributes
                0x00000000       0x22 /opt/st/stm32cubeide_2.0.0/plugins/com.st.stm32cube.ide.mcu.externaltools.gnu-tools-for-stm32.13.3.rel1.linux64_1.0.100.202509120712/tools/bin/../lib/gcc/arm-none-eabi/13.3.1/thumb/v7e-m+fp/hard/crti.o
 .ARM.attributes
                0x00000022       0x34 /opt/st/stm32cubeide_2.0.0/plugins/com.st.stm32cube.ide.mcu.externaltools.gnu-tools-for-stm32.13.3.rel1.linux64_1.0.100.202509120712/tools/bin/../lib/gcc/arm-none-eabi/13.3.1/thumb/v7e-m+fp/hard/crtbegin.o
 .ARM.attributes
                0x00000056       0x34 ./Src/001LED_Toggle.o
 .ARM.attributes
                0x0000008a       0x21 ./Startup/startup_stm32g491retx.o
 .ARM.attributes
                0x000000ab       0x34 ./drivers/Src/stm32G491xx_gpio_driver.o
 .ARM.attributes
                0x000000df       0x34 /opt/st/stm32cubeide_2.0.0/plugins/com.st.stm32cube.ide.mcu.externaltools.gnu-tools-for-stm32.13.3.rel1.linux64_1.0.100.202509120712/tools/bin/../lib/gcc/arm-none-eabi/13.3.1/../../../../arm-none-eabi/lib/thumb/v7e-m+fp/hard/libc_nano.a(libc_a-init.o)
 .ARM.attributes
                0x00000113       0x22 /opt/st/stm32cubeide_2.0.0/plugins/com.st.stm32cube.ide.mcu.externaltools.gnu-tools-for-stm32.13.3.rel1.linux64_1.0.100.202509120712/tools/bin/../lib/gcc/arm-none-eabi/13.3.1/thumb/v7e-m+fp/hard/crtn.o
OUTPUT(stm32G491xx_drivers.elf elf32-littlearm)
LOAD linker stubs
LOAD /opt/st/stm32cubeide_2.0.0/plugins/com.st.stm32cube.ide.mcu.externaltools.gnu-tools-for-stm32.13.3.rel1.linux64_1.0.100.202509120712/tools/bin/../lib/gcc/arm-none-eabi/13.3.1/../../../../arm-none-eabi/lib/thumb/v7e-m+fp/hard/libc.a
LOAD /opt/st/stm32cubeide_2.0.0/plugins/com.st.stm32cube.ide.mcu.externaltools.gnu-tools-for-stm32.13.3.rel1.linux64_1.0.100.202509120712/tools/bin/../lib/gcc/arm-none-eabi/13.3.1/../../../../arm-none-eabi/lib/thumb/v7e-m+fp/hard/libm.a
LOAD /opt/st/stm32cubeide_2.0.0/plugins/com.st.stm32cube.ide.mcu.externaltools.gnu-tools-for-stm32.13.3.rel1.linux64_1.0.100.202509120712/tools/bin/../lib/gcc/arm-none-eabi/13.3.1/thumb/v7e-m+fp/hard/libgcc.a

.debug_info     0x00000000      0xaa1
 .debug_info    0x00000000      0x26e ./Src/001LED_Toggle.o
 .debug_info    0x0000026e       0x30 ./Startup/startup_stm32g491retx.o
 .debug_info    0x0000029e      0x803 ./drivers/Src/stm32G491xx_gpio_driver.o

.debug_abbrev   0x00000000      0x289
 .debug_abbrev  0x00000000       0xff ./Src/001LED_Toggle.o
 .debug_abbrev  0x000000ff       0x24 ./Startup/startup_stm32g491retx.o
 .debug_abbrev  0x00000123      0x166 ./drivers/Src/stm32G491xx_gpio_driver.o

.debug_aranges  0x00000000       0xc0
 .debug_aranges
                0x00000000       0x28 ./Src/001LED_Toggle.o
 .debug_aranges
                0x00000028       0x28 ./Startup/startup_stm32g491retx.o
 .debug_aranges
                0x00000050       0x70 ./drivers/Src/stm32G491xx_gpio_driver.o

.debug_rnglists
                0x00000000       0x85
 .debug_rnglists
                0x00000000       0x19 ./Src/001LED_Toggle.o
 .debug_rnglists
                0x00000019       0x19 ./Startup/startup_stm32g491retx.o
 .debug_rnglists
                0x00000032       0x53 ./drivers/Src/stm32G491xx_gpio_driver.o

.debug_macro    0x00000000     0x179a
 .debug_macro   0x00000000       0x8a ./Src/001LED_Toggle.o
 .debug_macro   0x0000008a      0xae4 ./Src/001LED_Toggle.o
 .debug_macro   0x00000b6e       0x22 ./Src/001LED_Toggle.o
 .debug_macro   0x00000b90       0x8e ./Src/001LED_Toggle.o
 .debug_macro   0x00000c1e       0x51 ./Src/001LED_Toggle.o
 .debug_macro   0x00000c6f      0x103 ./Src/001LED_Toggle.o
 .debug_macro   0x00000d72       0x6a ./Src/001LED_Toggle.o
 .debug_macro   0x00000ddc      0x1df ./Src/001LED_Toggle.o
 .debug_macro   0x00000fbb      0x469 ./Src/001LED_Toggle.o
 .debug_macro   0x00001424      0x124 ./Src/001LED_Toggle.o
 .debug_macro   0x00001548       0xe2 ./Src/001LED_Toggle.o
 .debug_macro   0x0000162a       0x94 ./drivers/Src/stm32G491xx_gpio_driver.o
 .debug_macro   0x000016be       0xdc ./drivers/Src/stm32G491xx_gpio_driver.o

.debug_line     0x00000000      0xdbd
 .debug_line    0x00000000      0x438 ./Src/001LED_Toggle.o
 .debug_line    0x00000438       0x7b ./Startup/startup_stm32g491retx.o
 .debug_line    0x000004b3      0x90a ./drivers/Src/stm32G491xx_gpio_driver.o

.debug_str      0x00000000     0x5f44
 .debug_str     0x00000000     0x5f44 ./Src/001LED_Toggle.o
                               0x5d66 (size before relaxing)
 .debug_str     0x00005f44        0x0 ./Startup/startup_stm32g491retx.o
                                 0x92 (size before relaxing)
 .debug_str     0x00005f44        0x0 ./drivers/Src/stm32G491xx_gpio_driver.o
                               0x605f (size before relaxing)

.comment        0x00000000       0x43
 .comment       0x00000000       0x43 ./Src/001LED_Toggle.o
                                 0x44 (size before relaxing)
 .comment       0x00000043        0x0 ./drivers/Src/stm32G491xx_gpio_driver.o
                                 0x44 (size before relaxing)

.debug_frame    0x00000000      0x24c
 .debug_frame   0x00000000       0x58 ./Src/001LED_Toggle.o
 .debug_frame   0x00000058      0x1c8 ./drivers/Src/stm32G491xx_gpio_driver.o
 .debug_frame   0x00000220       0x2c /opt/st/stm32cubeide_2.0.0/plugins/com.st.stm32cube.ide.mcu.externaltools.gnu-tools-for-stm32.13.3.rel1.linux64_1.0.100.202509120712/tools/bin/../lib/gcc/arm-none-eabi/13.3.1/../../../../arm-none-eabi/lib/thumb/v7e-m+fp/hard/libc_nano.a(libc_a-init.o)

.debug_line_str
                0x00000000       0x76
 .debug_line_str
                0x00000000       0x76 ./Startup/startup_stm32g491retx.o
